Using device: cuda
Loaded dataset: 10000 samples
  Columns: ['0', '1', '2', '3', '4', '5', '6', '7', '8', '9', '10', '11', '12', '13', '14', '15', '16', '17', '18', '19', '20', '21', '22', '23', '24', '25', '26', '27', '28', '29', '30', '31', '32', '33', '34', '35', '36', '37', '38', '39', '40', '41', '42']
Epoch 0001 | lr=1.000e-02 | train FE=-0.0656 val FE=-0.0663 | train recon_mse=0.4945 val recon_mse=0.4950
Epoch 0002 | lr=1.000e-02 | train FE=-0.0657 val FE=-0.0665 | train recon_mse=0.4964 val recon_mse=0.4959
Epoch 0003 | lr=1.000e-02 | train FE=-0.0659 val FE=-0.0667 | train recon_mse=0.4952 val recon_mse=0.4976
Epoch 0004 | lr=9.999e-03 | train FE=-0.0662 val FE=-0.0670 | train recon_mse=0.4966 val recon_mse=0.4978
Epoch 0005 | lr=9.998e-03 | train FE=-0.0665 val FE=-0.0673 | train recon_mse=0.4940 val recon_mse=0.4963
Epoch 0006 | lr=9.998e-03 | train FE=-0.0669 val FE=-0.0677 | train recon_mse=0.4951 val recon_mse=0.4944
Epoch 0007 | lr=9.996e-03 | train FE=-0.0674 val FE=-0.0681 | train recon_mse=0.4943 val recon_mse=0.4963
Epoch 0008 | lr=9.995e-03 | train FE=-0.0679 val FE=-0.0686 | train recon_mse=0.4934 val recon_mse=0.4892
Epoch 0009 | lr=9.994e-03 | train FE=-0.0685 val FE=-0.0692 | train recon_mse=0.4958 val recon_mse=0.4919
Epoch 0010 | lr=9.992e-03 | train FE=-0.0691 val FE=-0.0697 | train recon_mse=0.4934 val recon_mse=0.4930
Epoch 0011 | lr=9.990e-03 | train FE=-0.0698 val FE=-0.0704 | train recon_mse=0.4938 val recon_mse=0.4906
Epoch 0012 | lr=9.988e-03 | train FE=-0.0705 val FE=-0.0711 | train recon_mse=0.4926 val recon_mse=0.4864
Epoch 0013 | lr=9.986e-03 | train FE=-0.0713 val FE=-0.0719 | train recon_mse=0.4919 val recon_mse=0.4925
Epoch 0014 | lr=9.983e-03 | train FE=-0.0721 val FE=-0.0727 | train recon_mse=0.4921 val recon_mse=0.4917
Epoch 0015 | lr=9.981e-03 | train FE=-0.0730 val FE=-0.0736 | train recon_mse=0.4908 val recon_mse=0.4917
Epoch 0016 | lr=9.978e-03 | train FE=-0.0740 val FE=-0.0745 | train recon_mse=0.4890 val recon_mse=0.4935
Epoch 0017 | lr=9.975e-03 | train FE=-0.0750 val FE=-0.0755 | train recon_mse=0.4912 val recon_mse=0.4915
Epoch 0018 | lr=9.972e-03 | train FE=-0.0761 val FE=-0.0766 | train recon_mse=0.4884 val recon_mse=0.4919
Epoch 0019 | lr=9.968e-03 | train FE=-0.0772 val FE=-0.0777 | train recon_mse=0.4888 val recon_mse=0.4890
Epoch 0020 | lr=9.965e-03 | train FE=-0.0784 val FE=-0.0788 | train recon_mse=0.4876 val recon_mse=0.4867
Epoch 0021 | lr=9.961e-03 | train FE=-0.0797 val FE=-0.0801 | train recon_mse=0.4859 val recon_mse=0.4875
Epoch 0022 | lr=9.957e-03 | train FE=-0.0810 val FE=-0.0814 | train recon_mse=0.4853 val recon_mse=0.4859
Epoch 0023 | lr=9.953e-03 | train FE=-0.0823 val FE=-0.0827 | train recon_mse=0.4846 val recon_mse=0.4870
Epoch 0024 | lr=9.948e-03 | train FE=-0.0838 val FE=-0.0841 | train recon_mse=0.4847 val recon_mse=0.4847
Epoch 0025 | lr=9.944e-03 | train FE=-0.0853 val FE=-0.0856 | train recon_mse=0.4844 val recon_mse=0.4844
Epoch 0026 | lr=9.939e-03 | train FE=-0.0868 val FE=-0.0871 | train recon_mse=0.4842 val recon_mse=0.4817
Epoch 0027 | lr=9.934e-03 | train FE=-0.0884 val FE=-0.0887 | train recon_mse=0.4817 val recon_mse=0.4795
Epoch 0028 | lr=9.929e-03 | train FE=-0.0900 val FE=-0.0903 | train recon_mse=0.4812 val recon_mse=0.4811
Epoch 0029 | lr=9.923e-03 | train FE=-0.0917 val FE=-0.0920 | train recon_mse=0.4795 val recon_mse=0.4843
Epoch 0030 | lr=9.918e-03 | train FE=-0.0935 val FE=-0.0937 | train recon_mse=0.4819 val recon_mse=0.4846
Epoch 0031 | lr=9.912e-03 | train FE=-0.0953 val FE=-0.0954 | train recon_mse=0.4777 val recon_mse=0.4813
Epoch 0032 | lr=9.906e-03 | train FE=-0.0971 val FE=-0.0973 | train recon_mse=0.4793 val recon_mse=0.4791
Epoch 0033 | lr=9.900e-03 | train FE=-0.0990 val FE=-0.0991 | train recon_mse=0.4782 val recon_mse=0.4804
Epoch 0034 | lr=9.894e-03 | train FE=-0.1009 val FE=-0.1010 | train recon_mse=0.4779 val recon_mse=0.4766
Epoch 0035 | lr=9.887e-03 | train FE=-0.1029 val FE=-0.1029 | train recon_mse=0.4761 val recon_mse=0.4742
Epoch 0036 | lr=9.880e-03 | train FE=-0.1049 val FE=-0.1049 | train recon_mse=0.4760 val recon_mse=0.4749
Epoch 0037 | lr=9.873e-03 | train FE=-0.1069 val FE=-0.1069 | train recon_mse=0.4746 val recon_mse=0.4771
Epoch 0038 | lr=9.866e-03 | train FE=-0.1090 val FE=-0.1089 | train recon_mse=0.4736 val recon_mse=0.4725
Epoch 0039 | lr=9.859e-03 | train FE=-0.1110 val FE=-0.1110 | train recon_mse=0.4716 val recon_mse=0.4698
Epoch 0040 | lr=9.852e-03 | train FE=-0.1131 val FE=-0.1130 | train recon_mse=0.4707 val recon_mse=0.4727
Epoch 0041 | lr=9.844e-03 | train FE=-0.1152 val FE=-0.1151 | train recon_mse=0.4716 val recon_mse=0.4713
Epoch 0042 | lr=9.836e-03 | train FE=-0.1173 val FE=-0.1171 | train recon_mse=0.4692 val recon_mse=0.4725
Epoch 0043 | lr=9.828e-03 | train FE=-0.1194 val FE=-0.1192 | train recon_mse=0.4682 val recon_mse=0.4679
Epoch 0044 | lr=9.820e-03 | train FE=-0.1215 val FE=-0.1213 | train recon_mse=0.4690 val recon_mse=0.4700
Epoch 0045 | lr=9.811e-03 | train FE=-0.1235 val FE=-0.1233 | train recon_mse=0.4680 val recon_mse=0.4706
Epoch 0046 | lr=9.803e-03 | train FE=-0.1256 val FE=-0.1253 | train recon_mse=0.4661 val recon_mse=0.4661
Epoch 0047 | lr=9.794e-03 | train FE=-0.1276 val FE=-0.1273 | train recon_mse=0.4653 val recon_mse=0.4672
Epoch 0048 | lr=9.785e-03 | train FE=-0.1296 val FE=-0.1293 | train recon_mse=0.4653 val recon_mse=0.4647
Epoch 0049 | lr=9.776e-03 | train FE=-0.1316 val FE=-0.1312 | train recon_mse=0.4651 val recon_mse=0.4620
Epoch 0050 | lr=9.766e-03 | train FE=-0.1335 val FE=-0.1331 | train recon_mse=0.4629 val recon_mse=0.4670
Epoch 0051 | lr=9.757e-03 | train FE=-0.1354 val FE=-0.1350 | train recon_mse=0.4609 val recon_mse=0.4593
Epoch 0052 | lr=9.747e-03 | train FE=-0.1373 val FE=-0.1368 | train recon_mse=0.4632 val recon_mse=0.4593
Epoch 0053 | lr=9.737e-03 | train FE=-0.1391 val FE=-0.1385 | train recon_mse=0.4602 val recon_mse=0.4613
Epoch 0054 | lr=9.727e-03 | train FE=-0.1408 val FE=-0.1403 | train recon_mse=0.4599 val recon_mse=0.4611
Epoch 0055 | lr=9.717e-03 | train FE=-0.1425 val FE=-0.1419 | train recon_mse=0.4588 val recon_mse=0.4593
Epoch 0056 | lr=9.706e-03 | train FE=-0.1441 val FE=-0.1435 | train recon_mse=0.4600 val recon_mse=0.4590
Epoch 0057 | lr=9.696e-03 | train FE=-0.1457 val FE=-0.1450 | train recon_mse=0.4576 val recon_mse=0.4570
Epoch 0058 | lr=9.685e-03 | train FE=-0.1472 val FE=-0.1465 | train recon_mse=0.4567 val recon_mse=0.4553
Epoch 0059 | lr=9.674e-03 | train FE=-0.1486 val FE=-0.1479 | train recon_mse=0.4551 val recon_mse=0.4544
Epoch 0060 | lr=9.662e-03 | train FE=-0.1499 val FE=-0.1492 | train recon_mse=0.4549 val recon_mse=0.4559
Epoch 0061 | lr=9.651e-03 | train FE=-0.1512 val FE=-0.1504 | train recon_mse=0.4531 val recon_mse=0.4531
Epoch 0062 | lr=9.639e-03 | train FE=-0.1525 val FE=-0.1516 | train recon_mse=0.4543 val recon_mse=0.4559
Epoch 0063 | lr=9.628e-03 | train FE=-0.1537 val FE=-0.1528 | train recon_mse=0.4541 val recon_mse=0.4583
Epoch 0064 | lr=9.616e-03 | train FE=-0.1548 val FE=-0.1539 | train recon_mse=0.4540 val recon_mse=0.4528
Epoch 0065 | lr=9.604e-03 | train FE=-0.1558 val FE=-0.1549 | train recon_mse=0.4524 val recon_mse=0.4533
Epoch 0066 | lr=9.591e-03 | train FE=-0.1568 val FE=-0.1558 | train recon_mse=0.4518 val recon_mse=0.4503
Epoch 0067 | lr=9.579e-03 | train FE=-0.1577 val FE=-0.1567 | train recon_mse=0.4520 val recon_mse=0.4524
Epoch 0068 | lr=9.566e-03 | train FE=-0.1586 val FE=-0.1575 | train recon_mse=0.4484 val recon_mse=0.4490
Epoch 0069 | lr=9.553e-03 | train FE=-0.1594 val FE=-0.1583 | train recon_mse=0.4499 val recon_mse=0.4504
Epoch 0070 | lr=9.540e-03 | train FE=-0.1602 val FE=-0.1590 | train recon_mse=0.4486 val recon_mse=0.4489
Epoch 0071 | lr=9.527e-03 | train FE=-0.1609 val FE=-0.1597 | train recon_mse=0.4487 val recon_mse=0.4464
Epoch 0072 | lr=9.514e-03 | train FE=-0.1615 val FE=-0.1603 | train recon_mse=0.4480 val recon_mse=0.4490
Epoch 0073 | lr=9.500e-03 | train FE=-0.1621 val FE=-0.1609 | train recon_mse=0.4476 val recon_mse=0.4484
Epoch 0074 | lr=9.486e-03 | train FE=-0.1627 val FE=-0.1615 | train recon_mse=0.4474 val recon_mse=0.4458
Epoch 0075 | lr=9.472e-03 | train FE=-0.1633 val FE=-0.1620 | train recon_mse=0.4452 val recon_mse=0.4480
Epoch 0076 | lr=9.458e-03 | train FE=-0.1638 val FE=-0.1625 | train recon_mse=0.4463 val recon_mse=0.4431
Epoch 0077 | lr=9.444e-03 | train FE=-0.1643 val FE=-0.1630 | train recon_mse=0.4456 val recon_mse=0.4489
Epoch 0078 | lr=9.430e-03 | train FE=-0.1647 val FE=-0.1634 | train recon_mse=0.4457 val recon_mse=0.4444
Epoch 0079 | lr=9.415e-03 | train FE=-0.1652 val FE=-0.1638 | train recon_mse=0.4458 val recon_mse=0.4421
Epoch 0080 | lr=9.400e-03 | train FE=-0.1656 val FE=-0.1642 | train recon_mse=0.4431 val recon_mse=0.4437
Epoch 0081 | lr=9.385e-03 | train FE=-0.1659 val FE=-0.1645 | train recon_mse=0.4431 val recon_mse=0.4445
Epoch 0082 | lr=9.370e-03 | train FE=-0.1663 val FE=-0.1648 | train recon_mse=0.4448 val recon_mse=0.4445
Epoch 0083 | lr=9.355e-03 | train FE=-0.1666 val FE=-0.1651 | train recon_mse=0.4430 val recon_mse=0.4446
Epoch 0084 | lr=9.339e-03 | train FE=-0.1668 val FE=-0.1653 | train recon_mse=0.4429 val recon_mse=0.4443
Epoch 0085 | lr=9.324e-03 | train FE=-0.1671 val FE=-0.1656 | train recon_mse=0.4409 val recon_mse=0.4426
Epoch 0086 | lr=9.308e-03 | train FE=-0.1673 val FE=-0.1658 | train recon_mse=0.4422 val recon_mse=0.4428
Epoch 0087 | lr=9.292e-03 | train FE=-0.1676 val FE=-0.1660 | train recon_mse=0.4419 val recon_mse=0.4412
Epoch 0088 | lr=9.276e-03 | train FE=-0.1677 val FE=-0.1662 | train recon_mse=0.4398 val recon_mse=0.4477
Epoch 0089 | lr=9.260e-03 | train FE=-0.1679 val FE=-0.1663 | train recon_mse=0.4410 val recon_mse=0.4447
Epoch 0090 | lr=9.243e-03 | train FE=-0.1680 val FE=-0.1664 | train recon_mse=0.4387 val recon_mse=0.4417
Epoch 0091 | lr=9.226e-03 | train FE=-0.1681 val FE=-0.1665 | train recon_mse=0.4379 val recon_mse=0.4431
Epoch 0092 | lr=9.210e-03 | train FE=-0.1682 val FE=-0.1665 | train recon_mse=0.4398 val recon_mse=0.4409
Epoch 0093 | lr=9.193e-03 | train FE=-0.1682 val FE=-0.1666 | train recon_mse=0.4378 val recon_mse=0.4364
Epoch 0094 | lr=9.175e-03 | train FE=-0.1682 val FE=-0.1666 | train recon_mse=0.4388 val recon_mse=0.4432
Epoch 0095 | lr=9.158e-03 | train FE=-0.1682 val FE=-0.1665 | train recon_mse=0.4387 val recon_mse=0.4411
Epoch 0096 | lr=9.141e-03 | train FE=-0.1682 val FE=-0.1665 | train recon_mse=0.4390 val recon_mse=0.4334
Epoch 0097 | lr=9.123e-03 | train FE=-0.1682 val FE=-0.1665 | train recon_mse=0.4377 val recon_mse=0.4423
Epoch 0098 | lr=9.105e-03 | train FE=-0.1681 val FE=-0.1664 | train recon_mse=0.4365 val recon_mse=0.4375
Epoch 0099 | lr=9.087e-03 | train FE=-0.1681 val FE=-0.1664 | train recon_mse=0.4361 val recon_mse=0.4359
Epoch 0100 | lr=9.069e-03 | train FE=-0.1681 val FE=-0.1663 | train recon_mse=0.4365 val recon_mse=0.4386
Epoch 0101 | lr=9.051e-03 | train FE=-0.1680 val FE=-0.1663 | train recon_mse=0.4366 val recon_mse=0.4394
Epoch 0102 | lr=9.033e-03 | train FE=-0.1680 val FE=-0.1662 | train recon_mse=0.4363 val recon_mse=0.4371
Epoch 0103 | lr=9.014e-03 | train FE=-0.1679 val FE=-0.1662 | train recon_mse=0.4370 val recon_mse=0.4362
Epoch 0104 | lr=8.995e-03 | train FE=-0.1679 val FE=-0.1661 | train recon_mse=0.4352 val recon_mse=0.4331
Epoch 0105 | lr=8.976e-03 | train FE=-0.1678 val FE=-0.1660 | train recon_mse=0.4357 val recon_mse=0.4382
Epoch 0106 | lr=8.957e-03 | train FE=-0.1677 val FE=-0.1660 | train recon_mse=0.4360 val recon_mse=0.4378
Epoch 0107 | lr=8.938e-03 | train FE=-0.1677 val FE=-0.1659 | train recon_mse=0.4343 val recon_mse=0.4316
Epoch 0108 | lr=8.919e-03 | train FE=-0.1676 val FE=-0.1658 | train recon_mse=0.4359 val recon_mse=0.4365
Epoch 0109 | lr=8.899e-03 | train FE=-0.1676 val FE=-0.1658 | train recon_mse=0.4351 val recon_mse=0.4353
Epoch 0110 | lr=8.879e-03 | train FE=-0.1675 val FE=-0.1657 | train recon_mse=0.4341 val recon_mse=0.4343
Epoch 0111 | lr=8.860e-03 | train FE=-0.1675 val FE=-0.1657 | train recon_mse=0.4336 val recon_mse=0.4344
Epoch 0112 | lr=8.840e-03 | train FE=-0.1674 val FE=-0.1656 | train recon_mse=0.4332 val recon_mse=0.4429
Epoch 0113 | lr=8.820e-03 | train FE=-0.1674 val FE=-0.1656 | train recon_mse=0.4319 val recon_mse=0.4333
Epoch 0114 | lr=8.799e-03 | train FE=-0.1674 val FE=-0.1656 | train recon_mse=0.4327 val recon_mse=0.4336
Epoch 0115 | lr=8.779e-03 | train FE=-0.1674 val FE=-0.1656 | train recon_mse=0.4341 val recon_mse=0.4346
Epoch 0116 | lr=8.758e-03 | train FE=-0.1675 val FE=-0.1656 | train recon_mse=0.4327 val recon_mse=0.4348
Epoch 0117 | lr=8.738e-03 | train FE=-0.1675 val FE=-0.1657 | train recon_mse=0.4345 val recon_mse=0.4379
Epoch 0118 | lr=8.717e-03 | train FE=-0.1675 val FE=-0.1657 | train recon_mse=0.4325 val recon_mse=0.4345
Epoch 0119 | lr=8.696e-03 | train FE=-0.1675 val FE=-0.1657 | train recon_mse=0.4318 val recon_mse=0.4384
Epoch 0120 | lr=8.675e-03 | train FE=-0.1676 val FE=-0.1657 | train recon_mse=0.4312 val recon_mse=0.4293
Epoch 0121 | lr=8.653e-03 | train FE=-0.1676 val FE=-0.1658 | train recon_mse=0.4328 val recon_mse=0.4350
Epoch 0122 | lr=8.632e-03 | train FE=-0.1677 val FE=-0.1659 | train recon_mse=0.4315 val recon_mse=0.4373
Epoch 0123 | lr=8.610e-03 | train FE=-0.1678 val FE=-0.1659 | train recon_mse=0.4318 val recon_mse=0.4301
Epoch 0124 | lr=8.589e-03 | train FE=-0.1678 val FE=-0.1660 | train recon_mse=0.4298 val recon_mse=0.4341
Epoch 0125 | lr=8.567e-03 | train FE=-0.1679 val FE=-0.1661 | train recon_mse=0.4303 val recon_mse=0.4286
Epoch 0126 | lr=8.545e-03 | train FE=-0.1680 val FE=-0.1662 | train recon_mse=0.4312 val recon_mse=0.4314
Epoch 0127 | lr=8.523e-03 | train FE=-0.1681 val FE=-0.1663 | train recon_mse=0.4303 val recon_mse=0.4300
Epoch 0128 | lr=8.500e-03 | train FE=-0.1683 val FE=-0.1664 | train recon_mse=0.4298 val recon_mse=0.4314
Epoch 0129 | lr=8.478e-03 | train FE=-0.1684 val FE=-0.1665 | train recon_mse=0.4315 val recon_mse=0.4346
Epoch 0130 | lr=8.455e-03 | train FE=-0.1685 val FE=-0.1667 | train recon_mse=0.4296 val recon_mse=0.4306
Epoch 0131 | lr=8.433e-03 | train FE=-0.1687 val FE=-0.1668 | train recon_mse=0.4300 val recon_mse=0.4320
Epoch 0132 | lr=8.410e-03 | train FE=-0.1689 val FE=-0.1670 | train recon_mse=0.4288 val recon_mse=0.4327
Epoch 0133 | lr=8.387e-03 | train FE=-0.1690 val FE=-0.1672 | train recon_mse=0.4293 val recon_mse=0.4313
Epoch 0134 | lr=8.364e-03 | train FE=-0.1692 val FE=-0.1673 | train recon_mse=0.4290 val recon_mse=0.4289
Epoch 0135 | lr=8.341e-03 | train FE=-0.1694 val FE=-0.1675 | train recon_mse=0.4279 val recon_mse=0.4290
Epoch 0136 | lr=8.317e-03 | train FE=-0.1696 val FE=-0.1677 | train recon_mse=0.4294 val recon_mse=0.4323
Epoch 0137 | lr=8.294e-03 | train FE=-0.1698 val FE=-0.1679 | train recon_mse=0.4279 val recon_mse=0.4328
Epoch 0138 | lr=8.270e-03 | train FE=-0.1700 val FE=-0.1681 | train recon_mse=0.4282 val recon_mse=0.4268
Epoch 0139 | lr=8.246e-03 | train FE=-0.1702 val FE=-0.1683 | train recon_mse=0.4273 val recon_mse=0.4302
Epoch 0140 | lr=8.223e-03 | train FE=-0.1704 val FE=-0.1685 | train recon_mse=0.4277 val recon_mse=0.4293
Epoch 0141 | lr=8.199e-03 | train FE=-0.1706 val FE=-0.1687 | train recon_mse=0.4256 val recon_mse=0.4288
Epoch 0142 | lr=8.174e-03 | train FE=-0.1709 val FE=-0.1690 | train recon_mse=0.4269 val recon_mse=0.4289
Epoch 0143 | lr=8.150e-03 | train FE=-0.1711 val FE=-0.1692 | train recon_mse=0.4269 val recon_mse=0.4276
Epoch 0144 | lr=8.126e-03 | train FE=-0.1713 val FE=-0.1694 | train recon_mse=0.4277 val recon_mse=0.4271
Epoch 0145 | lr=8.101e-03 | train FE=-0.1715 val FE=-0.1696 | train recon_mse=0.4270 val recon_mse=0.4251
Epoch 0146 | lr=8.077e-03 | train FE=-0.1717 val FE=-0.1698 | train recon_mse=0.4263 val recon_mse=0.4274
Epoch 0147 | lr=8.052e-03 | train FE=-0.1719 val FE=-0.1700 | train recon_mse=0.4248 val recon_mse=0.4267
Epoch 0148 | lr=8.027e-03 | train FE=-0.1721 val FE=-0.1702 | train recon_mse=0.4275 val recon_mse=0.4287
Epoch 0149 | lr=8.002e-03 | train FE=-0.1723 val FE=-0.1704 | train recon_mse=0.4257 val recon_mse=0.4278
Epoch 0150 | lr=7.977e-03 | train FE=-0.1725 val FE=-0.1706 | train recon_mse=0.4261 val recon_mse=0.4227
Epoch 0151 | lr=7.952e-03 | train FE=-0.1727 val FE=-0.1708 | train recon_mse=0.4253 val recon_mse=0.4248
Epoch 0152 | lr=7.927e-03 | train FE=-0.1729 val FE=-0.1710 | train recon_mse=0.4238 val recon_mse=0.4276
Epoch 0153 | lr=7.901e-03 | train FE=-0.1731 val FE=-0.1712 | train recon_mse=0.4245 val recon_mse=0.4272
Epoch 0154 | lr=7.876e-03 | train FE=-0.1733 val FE=-0.1714 | train recon_mse=0.4248 val recon_mse=0.4277
Epoch 0155 | lr=7.850e-03 | train FE=-0.1735 val FE=-0.1716 | train recon_mse=0.4246 val recon_mse=0.4263
Epoch 0156 | lr=7.824e-03 | train FE=-0.1737 val FE=-0.1718 | train recon_mse=0.4250 val recon_mse=0.4259
Epoch 0157 | lr=7.798e-03 | train FE=-0.1739 val FE=-0.1720 | train recon_mse=0.4247 val recon_mse=0.4246
Epoch 0158 | lr=7.772e-03 | train FE=-0.1741 val FE=-0.1722 | train recon_mse=0.4234 val recon_mse=0.4282
Epoch 0159 | lr=7.746e-03 | train FE=-0.1743 val FE=-0.1724 | train recon_mse=0.4238 val recon_mse=0.4251
Epoch 0160 | lr=7.720e-03 | train FE=-0.1745 val FE=-0.1726 | train recon_mse=0.4235 val recon_mse=0.4262
Epoch 0161 | lr=7.694e-03 | train FE=-0.1747 val FE=-0.1728 | train recon_mse=0.4229 val recon_mse=0.4237
Epoch 0162 | lr=7.668e-03 | train FE=-0.1750 val FE=-0.1730 | train recon_mse=0.4238 val recon_mse=0.4250
Epoch 0163 | lr=7.641e-03 | train FE=-0.1752 val FE=-0.1732 | train recon_mse=0.4226 val recon_mse=0.4221
Epoch 0164 | lr=7.614e-03 | train FE=-0.1753 val FE=-0.1734 | train recon_mse=0.4230 val recon_mse=0.4243
Epoch 0165 | lr=7.588e-03 | train FE=-0.1755 val FE=-0.1736 | train recon_mse=0.4238 val recon_mse=0.4240
Epoch 0166 | lr=7.561e-03 | train FE=-0.1757 val FE=-0.1738 | train recon_mse=0.4214 val recon_mse=0.4244
Epoch 0167 | lr=7.534e-03 | train FE=-0.1759 val FE=-0.1740 | train recon_mse=0.4234 val recon_mse=0.4266
Epoch 0168 | lr=7.507e-03 | train FE=-0.1761 val FE=-0.1742 | train recon_mse=0.4234 val recon_mse=0.4207
Epoch 0169 | lr=7.480e-03 | train FE=-0.1763 val FE=-0.1744 | train recon_mse=0.4220 val recon_mse=0.4219
Epoch 0170 | lr=7.453e-03 | train FE=-0.1765 val FE=-0.1746 | train recon_mse=0.4221 val recon_mse=0.4210
Epoch 0171 | lr=7.425e-03 | train FE=-0.1767 val FE=-0.1748 | train recon_mse=0.4227 val recon_mse=0.4234
Epoch 0172 | lr=7.398e-03 | train FE=-0.1769 val FE=-0.1749 | train recon_mse=0.4210 val recon_mse=0.4217
Epoch 0173 | lr=7.371e-03 | train FE=-0.1771 val FE=-0.1752 | train recon_mse=0.4201 val recon_mse=0.4252
Epoch 0174 | lr=7.343e-03 | train FE=-0.1773 val FE=-0.1754 | train recon_mse=0.4191 val recon_mse=0.4237
Epoch 0175 | lr=7.315e-03 | train FE=-0.1775 val FE=-0.1756 | train recon_mse=0.4214 val recon_mse=0.4238
Epoch 0176 | lr=7.288e-03 | train FE=-0.1777 val FE=-0.1758 | train recon_mse=0.4213 val recon_mse=0.4221
Epoch 0177 | lr=7.260e-03 | train FE=-0.1780 val FE=-0.1760 | train recon_mse=0.4212 val recon_mse=0.4243
Epoch 0178 | lr=7.232e-03 | train FE=-0.1782 val FE=-0.1763 | train recon_mse=0.4206 val recon_mse=0.4237
Epoch 0179 | lr=7.204e-03 | train FE=-0.1784 val FE=-0.1765 | train recon_mse=0.4206 val recon_mse=0.4227
Epoch 0180 | lr=7.176e-03 | train FE=-0.1787 val FE=-0.1768 | train recon_mse=0.4200 val recon_mse=0.4230
Epoch 0181 | lr=7.147e-03 | train FE=-0.1790 val FE=-0.1770 | train recon_mse=0.4208 val recon_mse=0.4197
Epoch 0182 | lr=7.119e-03 | train FE=-0.1792 val FE=-0.1773 | train recon_mse=0.4208 val recon_mse=0.4227
Epoch 0183 | lr=7.091e-03 | train FE=-0.1795 val FE=-0.1775 | train recon_mse=0.4194 val recon_mse=0.4203
Epoch 0184 | lr=7.062e-03 | train FE=-0.1797 val FE=-0.1778 | train recon_mse=0.4194 val recon_mse=0.4262
Epoch 0185 | lr=7.034e-03 | train FE=-0.1800 val FE=-0.1781 | train recon_mse=0.4190 val recon_mse=0.4165
Epoch 0186 | lr=7.005e-03 | train FE=-0.1803 val FE=-0.1783 | train recon_mse=0.4185 val recon_mse=0.4226
Epoch 0187 | lr=6.977e-03 | train FE=-0.1805 val FE=-0.1786 | train recon_mse=0.4188 val recon_mse=0.4227
Epoch 0188 | lr=6.948e-03 | train FE=-0.1808 val FE=-0.1788 | train recon_mse=0.4183 val recon_mse=0.4180
Epoch 0189 | lr=6.919e-03 | train FE=-0.1810 val FE=-0.1791 | train recon_mse=0.4197 val recon_mse=0.4194
Epoch 0190 | lr=6.890e-03 | train FE=-0.1813 val FE=-0.1794 | train recon_mse=0.4186 val recon_mse=0.4189
Epoch 0191 | lr=6.861e-03 | train FE=-0.1816 val FE=-0.1796 | train recon_mse=0.4186 val recon_mse=0.4200
Epoch 0192 | lr=6.832e-03 | train FE=-0.1818 val FE=-0.1799 | train recon_mse=0.4177 val recon_mse=0.4192
Epoch 0193 | lr=6.803e-03 | train FE=-0.1821 val FE=-0.1801 | train recon_mse=0.4189 val recon_mse=0.4156
Epoch 0194 | lr=6.774e-03 | train FE=-0.1823 val FE=-0.1804 | train recon_mse=0.4183 val recon_mse=0.4190
Epoch 0195 | lr=6.745e-03 | train FE=-0.1826 val FE=-0.1806 | train recon_mse=0.4167 val recon_mse=0.4180
Epoch 0196 | lr=6.715e-03 | train FE=-0.1828 val FE=-0.1808 | train recon_mse=0.4188 val recon_mse=0.4215
Epoch 0197 | lr=6.686e-03 | train FE=-0.1830 val FE=-0.1811 | train recon_mse=0.4180 val recon_mse=0.4169
Epoch 0198 | lr=6.656e-03 | train FE=-0.1832 val FE=-0.1813 | train recon_mse=0.4174 val recon_mse=0.4212
Epoch 0199 | lr=6.627e-03 | train FE=-0.1835 val FE=-0.1815 | train recon_mse=0.4167 val recon_mse=0.4171
Epoch 0200 | lr=6.597e-03 | train FE=-0.1837 val FE=-0.1817 | train recon_mse=0.4169 val recon_mse=0.4147
Epoch 0201 | lr=6.568e-03 | train FE=-0.1839 val FE=-0.1819 | train recon_mse=0.4165 val recon_mse=0.4172
Epoch 0202 | lr=6.538e-03 | train FE=-0.1841 val FE=-0.1822 | train recon_mse=0.4165 val recon_mse=0.4175
Epoch 0203 | lr=6.508e-03 | train FE=-0.1843 val FE=-0.1824 | train recon_mse=0.4173 val recon_mse=0.4178
Epoch 0204 | lr=6.479e-03 | train FE=-0.1845 val FE=-0.1826 | train recon_mse=0.4154 val recon_mse=0.4173
Epoch 0205 | lr=6.449e-03 | train FE=-0.1847 val FE=-0.1828 | train recon_mse=0.4146 val recon_mse=0.4137
Epoch 0206 | lr=6.419e-03 | train FE=-0.1849 val FE=-0.1830 | train recon_mse=0.4156 val recon_mse=0.4162
Epoch 0207 | lr=6.389e-03 | train FE=-0.1851 val FE=-0.1832 | train recon_mse=0.4166 val recon_mse=0.4181
Epoch 0208 | lr=6.359e-03 | train FE=-0.1853 val FE=-0.1833 | train recon_mse=0.4147 val recon_mse=0.4161
Epoch 0209 | lr=6.329e-03 | train FE=-0.1855 val FE=-0.1835 | train recon_mse=0.4139 val recon_mse=0.4147
Epoch 0210 | lr=6.299e-03 | train FE=-0.1857 val FE=-0.1838 | train recon_mse=0.4148 val recon_mse=0.4175
Epoch 0211 | lr=6.268e-03 | train FE=-0.1859 val FE=-0.1840 | train recon_mse=0.4159 val recon_mse=0.4142
Epoch 0212 | lr=6.238e-03 | train FE=-0.1861 val FE=-0.1842 | train recon_mse=0.4152 val recon_mse=0.4136
Epoch 0213 | lr=6.208e-03 | train FE=-0.1863 val FE=-0.1844 | train recon_mse=0.4146 val recon_mse=0.4179
Epoch 0214 | lr=6.178e-03 | train FE=-0.1865 val FE=-0.1846 | train recon_mse=0.4145 val recon_mse=0.4194
Epoch 0215 | lr=6.147e-03 | train FE=-0.1867 val FE=-0.1848 | train recon_mse=0.4138 val recon_mse=0.4150
Epoch 0216 | lr=6.117e-03 | train FE=-0.1869 val FE=-0.1850 | train recon_mse=0.4146 val recon_mse=0.4167
Epoch 0217 | lr=6.086e-03 | train FE=-0.1871 val FE=-0.1852 | train recon_mse=0.4138 val recon_mse=0.4160
Epoch 0218 | lr=6.056e-03 | train FE=-0.1873 val FE=-0.1853 | train recon_mse=0.4147 val recon_mse=0.4145
Epoch 0219 | lr=6.025e-03 | train FE=-0.1875 val FE=-0.1855 | train recon_mse=0.4147 val recon_mse=0.4158
Epoch 0220 | lr=5.995e-03 | train FE=-0.1877 val FE=-0.1857 | train recon_mse=0.4144 val recon_mse=0.4166
Epoch 0221 | lr=5.964e-03 | train FE=-0.1879 val FE=-0.1859 | train recon_mse=0.4151 val recon_mse=0.4155
Epoch 0222 | lr=5.933e-03 | train FE=-0.1881 val FE=-0.1861 | train recon_mse=0.4131 val recon_mse=0.4151
Epoch 0223 | lr=5.903e-03 | train FE=-0.1883 val FE=-0.1863 | train recon_mse=0.4144 val recon_mse=0.4157
Epoch 0224 | lr=5.872e-03 | train FE=-0.1885 val FE=-0.1865 | train recon_mse=0.4129 val recon_mse=0.4142
Epoch 0225 | lr=5.841e-03 | train FE=-0.1887 val FE=-0.1867 | train recon_mse=0.4127 val recon_mse=0.4145
Epoch 0226 | lr=5.810e-03 | train FE=-0.1889 val FE=-0.1869 | train recon_mse=0.4128 val recon_mse=0.4177
Epoch 0227 | lr=5.780e-03 | train FE=-0.1891 val FE=-0.1871 | train recon_mse=0.4136 val recon_mse=0.4112
Epoch 0228 | lr=5.749e-03 | train FE=-0.1892 val FE=-0.1873 | train recon_mse=0.4130 val recon_mse=0.4159
Epoch 0229 | lr=5.718e-03 | train FE=-0.1894 val FE=-0.1875 | train recon_mse=0.4132 val recon_mse=0.4123
Epoch 0230 | lr=5.687e-03 | train FE=-0.1896 val FE=-0.1877 | train recon_mse=0.4134 val recon_mse=0.4174
Epoch 0231 | lr=5.656e-03 | train FE=-0.1898 val FE=-0.1879 | train recon_mse=0.4120 val recon_mse=0.4146
Epoch 0232 | lr=5.625e-03 | train FE=-0.1900 val FE=-0.1881 | train recon_mse=0.4124 val recon_mse=0.4135
Epoch 0233 | lr=5.594e-03 | train FE=-0.1902 val FE=-0.1883 | train recon_mse=0.4114 val recon_mse=0.4168
Epoch 0234 | lr=5.563e-03 | train FE=-0.1904 val FE=-0.1885 | train recon_mse=0.4127 val recon_mse=0.4114
Epoch 0235 | lr=5.532e-03 | train FE=-0.1906 val FE=-0.1887 | train recon_mse=0.4103 val recon_mse=0.4121
Epoch 0236 | lr=5.501e-03 | train FE=-0.1908 val FE=-0.1889 | train recon_mse=0.4120 val recon_mse=0.4139
Epoch 0237 | lr=5.470e-03 | train FE=-0.1911 val FE=-0.1891 | train recon_mse=0.4127 val recon_mse=0.4158
Epoch 0238 | lr=5.439e-03 | train FE=-0.1913 val FE=-0.1893 | train recon_mse=0.4102 val recon_mse=0.4111
Epoch 0239 | lr=5.408e-03 | train FE=-0.1915 val FE=-0.1895 | train recon_mse=0.4116 val recon_mse=0.4115
Epoch 0240 | lr=5.377e-03 | train FE=-0.1917 val FE=-0.1897 | train recon_mse=0.4119 val recon_mse=0.4137
Epoch 0241 | lr=5.346e-03 | train FE=-0.1919 val FE=-0.1899 | train recon_mse=0.4124 val recon_mse=0.4134
Epoch 0242 | lr=5.315e-03 | train FE=-0.1921 val FE=-0.1902 | train recon_mse=0.4117 val recon_mse=0.4121
Epoch 0243 | lr=5.284e-03 | train FE=-0.1923 val FE=-0.1904 | train recon_mse=0.4098 val recon_mse=0.4108
Epoch 0244 | lr=5.253e-03 | train FE=-0.1925 val FE=-0.1906 | train recon_mse=0.4089 val recon_mse=0.4132
Epoch 0245 | lr=5.221e-03 | train FE=-0.1927 val FE=-0.1908 | train recon_mse=0.4115 val recon_mse=0.4102
Epoch 0246 | lr=5.190e-03 | train FE=-0.1929 val FE=-0.1910 | train recon_mse=0.4113 val recon_mse=0.4127
Epoch 0247 | lr=5.159e-03 | train FE=-0.1931 val FE=-0.1912 | train recon_mse=0.4101 val recon_mse=0.4105
Epoch 0248 | lr=5.128e-03 | train FE=-0.1933 val FE=-0.1913 | train recon_mse=0.4109 val recon_mse=0.4111
Epoch 0249 | lr=5.097e-03 | train FE=-0.1935 val FE=-0.1915 | train recon_mse=0.4110 val recon_mse=0.4117
Epoch 0250 | lr=5.066e-03 | train FE=-0.1937 val FE=-0.1917 | train recon_mse=0.4101 val recon_mse=0.4105
Epoch 0251 | lr=5.034e-03 | train FE=-0.1938 val FE=-0.1919 | train recon_mse=0.4104 val recon_mse=0.4097
Epoch 0252 | lr=5.003e-03 | train FE=-0.1940 val FE=-0.1921 | train recon_mse=0.4091 val recon_mse=0.4104
Epoch 0253 | lr=4.972e-03 | train FE=-0.1942 val FE=-0.1923 | train recon_mse=0.4097 val recon_mse=0.4110
Epoch 0254 | lr=4.941e-03 | train FE=-0.1944 val FE=-0.1924 | train recon_mse=0.4096 val recon_mse=0.4094
Epoch 0255 | lr=4.910e-03 | train FE=-0.1946 val FE=-0.1926 | train recon_mse=0.4087 val recon_mse=0.4083
Epoch 0256 | lr=4.879e-03 | train FE=-0.1948 val FE=-0.1928 | train recon_mse=0.4080 val recon_mse=0.4102
Epoch 0257 | lr=4.847e-03 | train FE=-0.1949 val FE=-0.1930 | train recon_mse=0.4095 val recon_mse=0.4137
Epoch 0258 | lr=4.816e-03 | train FE=-0.1951 val FE=-0.1932 | train recon_mse=0.4089 val recon_mse=0.4092
Epoch 0259 | lr=4.785e-03 | train FE=-0.1953 val FE=-0.1934 | train recon_mse=0.4086 val recon_mse=0.4107
Epoch 0260 | lr=4.754e-03 | train FE=-0.1955 val FE=-0.1935 | train recon_mse=0.4091 val recon_mse=0.4105
Epoch 0261 | lr=4.723e-03 | train FE=-0.1956 val FE=-0.1937 | train recon_mse=0.4085 val recon_mse=0.4084
Epoch 0262 | lr=4.692e-03 | train FE=-0.1958 val FE=-0.1938 | train recon_mse=0.4095 val recon_mse=0.4137
Epoch 0263 | lr=4.661e-03 | train FE=-0.1959 val FE=-0.1940 | train recon_mse=0.4077 val recon_mse=0.4122
Epoch 0264 | lr=4.630e-03 | train FE=-0.1961 val FE=-0.1941 | train recon_mse=0.4079 val recon_mse=0.4083
Epoch 0265 | lr=4.599e-03 | train FE=-0.1962 val FE=-0.1943 | train recon_mse=0.4071 val recon_mse=0.4103
Epoch 0266 | lr=4.568e-03 | train FE=-0.1964 val FE=-0.1944 | train recon_mse=0.4075 val recon_mse=0.4119
Epoch 0267 | lr=4.537e-03 | train FE=-0.1965 val FE=-0.1946 | train recon_mse=0.4077 val recon_mse=0.4092
Epoch 0268 | lr=4.506e-03 | train FE=-0.1967 val FE=-0.1947 | train recon_mse=0.4077 val recon_mse=0.4110
Epoch 0269 | lr=4.475e-03 | train FE=-0.1968 val FE=-0.1949 | train recon_mse=0.4075 val recon_mse=0.4075
Epoch 0270 | lr=4.444e-03 | train FE=-0.1970 val FE=-0.1950 | train recon_mse=0.4076 val recon_mse=0.4085
Epoch 0271 | lr=4.413e-03 | train FE=-0.1971 val FE=-0.1952 | train recon_mse=0.4074 val recon_mse=0.4081
Epoch 0272 | lr=4.382e-03 | train FE=-0.1973 val FE=-0.1953 | train recon_mse=0.4072 val recon_mse=0.4067
Epoch 0273 | lr=4.351e-03 | train FE=-0.1974 val FE=-0.1955 | train recon_mse=0.4066 val recon_mse=0.4075
Epoch 0274 | lr=4.320e-03 | train FE=-0.1976 val FE=-0.1956 | train recon_mse=0.4068 val recon_mse=0.4085
Epoch 0275 | lr=4.290e-03 | train FE=-0.1977 val FE=-0.1958 | train recon_mse=0.4086 val recon_mse=0.4068
Epoch 0276 | lr=4.259e-03 | train FE=-0.1978 val FE=-0.1959 | train recon_mse=0.4085 val recon_mse=0.4100
Epoch 0277 | lr=4.228e-03 | train FE=-0.1980 val FE=-0.1960 | train recon_mse=0.4073 val recon_mse=0.4116
Epoch 0278 | lr=4.197e-03 | train FE=-0.1981 val FE=-0.1962 | train recon_mse=0.4080 val recon_mse=0.4104
Epoch 0279 | lr=4.167e-03 | train FE=-0.1983 val FE=-0.1964 | train recon_mse=0.4052 val recon_mse=0.4091
Epoch 0280 | lr=4.136e-03 | train FE=-0.1985 val FE=-0.1965 | train recon_mse=0.4060 val recon_mse=0.4083
Epoch 0281 | lr=4.105e-03 | train FE=-0.1986 val FE=-0.1967 | train recon_mse=0.4070 val recon_mse=0.4073
Epoch 0282 | lr=4.075e-03 | train FE=-0.1988 val FE=-0.1968 | train recon_mse=0.4087 val recon_mse=0.4081
Epoch 0283 | lr=4.044e-03 | train FE=-0.1989 val FE=-0.1970 | train recon_mse=0.4067 val recon_mse=0.4061
Epoch 0284 | lr=4.014e-03 | train FE=-0.1991 val FE=-0.1971 | train recon_mse=0.4050 val recon_mse=0.4095
Epoch 0285 | lr=3.983e-03 | train FE=-0.1992 val FE=-0.1973 | train recon_mse=0.4070 val recon_mse=0.4073
Epoch 0286 | lr=3.953e-03 | train FE=-0.1994 val FE=-0.1974 | train recon_mse=0.4063 val recon_mse=0.4053
Epoch 0287 | lr=3.922e-03 | train FE=-0.1995 val FE=-0.1976 | train recon_mse=0.4062 val recon_mse=0.4109
Epoch 0288 | lr=3.892e-03 | train FE=-0.1997 val FE=-0.1977 | train recon_mse=0.4057 val recon_mse=0.4069
Epoch 0289 | lr=3.862e-03 | train FE=-0.1998 val FE=-0.1979 | train recon_mse=0.4067 val recon_mse=0.4073
Epoch 0290 | lr=3.832e-03 | train FE=-0.2000 val FE=-0.1980 | train recon_mse=0.4054 val recon_mse=0.4091
Epoch 0291 | lr=3.801e-03 | train FE=-0.2001 val FE=-0.1982 | train recon_mse=0.4054 val recon_mse=0.4072
Epoch 0292 | lr=3.771e-03 | train FE=-0.2003 val FE=-0.1983 | train recon_mse=0.4056 val recon_mse=0.4083
Epoch 0293 | lr=3.741e-03 | train FE=-0.2004 val FE=-0.1985 | train recon_mse=0.4052 val recon_mse=0.4047
Epoch 0294 | lr=3.711e-03 | train FE=-0.2006 val FE=-0.1986 | train recon_mse=0.4053 val recon_mse=0.4074
Epoch 0295 | lr=3.681e-03 | train FE=-0.2007 val FE=-0.1988 | train recon_mse=0.4049 val recon_mse=0.4035
Epoch 0296 | lr=3.651e-03 | train FE=-0.2009 val FE=-0.1989 | train recon_mse=0.4044 val recon_mse=0.4098
Epoch 0297 | lr=3.621e-03 | train FE=-0.2010 val FE=-0.1991 | train recon_mse=0.4035 val recon_mse=0.4045
Epoch 0298 | lr=3.592e-03 | train FE=-0.2011 val FE=-0.1992 | train recon_mse=0.4047 val recon_mse=0.4058
Epoch 0299 | lr=3.562e-03 | train FE=-0.2013 val FE=-0.1993 | train recon_mse=0.4054 val recon_mse=0.4051
Epoch 0300 | lr=3.532e-03 | train FE=-0.2014 val FE=-0.1995 | train recon_mse=0.4055 val recon_mse=0.4077
Epoch 0301 | lr=3.503e-03 | train FE=-0.2015 val FE=-0.1996 | train recon_mse=0.4042 val recon_mse=0.4050
Epoch 0302 | lr=3.473e-03 | train FE=-0.2017 val FE=-0.1997 | train recon_mse=0.4051 val recon_mse=0.4050
Epoch 0303 | lr=3.444e-03 | train FE=-0.2018 val FE=-0.1998 | train recon_mse=0.4056 val recon_mse=0.4039
Epoch 0304 | lr=3.414e-03 | train FE=-0.2019 val FE=-0.1999 | train recon_mse=0.4055 val recon_mse=0.4074
Epoch 0305 | lr=3.385e-03 | train FE=-0.2020 val FE=-0.2001 | train recon_mse=0.4040 val recon_mse=0.4037
Epoch 0306 | lr=3.355e-03 | train FE=-0.2021 val FE=-0.2002 | train recon_mse=0.4038 val recon_mse=0.4060
Epoch 0307 | lr=3.326e-03 | train FE=-0.2022 val FE=-0.2003 | train recon_mse=0.4028 val recon_mse=0.4072
Epoch 0308 | lr=3.297e-03 | train FE=-0.2023 val FE=-0.2004 | train recon_mse=0.4046 val recon_mse=0.4043
Epoch 0309 | lr=3.268e-03 | train FE=-0.2024 val FE=-0.2005 | train recon_mse=0.4041 val recon_mse=0.4082
Epoch 0310 | lr=3.239e-03 | train FE=-0.2025 val FE=-0.2006 | train recon_mse=0.4034 val recon_mse=0.4068
Epoch 0311 | lr=3.210e-03 | train FE=-0.2026 val FE=-0.2007 | train recon_mse=0.4032 val recon_mse=0.4070
Epoch 0312 | lr=3.181e-03 | train FE=-0.2027 val FE=-0.2008 | train recon_mse=0.4048 val recon_mse=0.4017
Epoch 0313 | lr=3.152e-03 | train FE=-0.2028 val FE=-0.2009 | train recon_mse=0.4028 val recon_mse=0.4030
Epoch 0314 | lr=3.123e-03 | train FE=-0.2029 val FE=-0.2010 | train recon_mse=0.4034 val recon_mse=0.4043
Epoch 0315 | lr=3.095e-03 | train FE=-0.2030 val FE=-0.2011 | train recon_mse=0.4032 val recon_mse=0.4089
Epoch 0316 | lr=3.066e-03 | train FE=-0.2031 val FE=-0.2012 | train recon_mse=0.4028 val recon_mse=0.4063
Epoch 0317 | lr=3.038e-03 | train FE=-0.2032 val FE=-0.2013 | train recon_mse=0.4049 val recon_mse=0.4014
Epoch 0318 | lr=3.009e-03 | train FE=-0.2033 val FE=-0.2013 | train recon_mse=0.4025 val recon_mse=0.4035
Epoch 0319 | lr=2.981e-03 | train FE=-0.2034 val FE=-0.2014 | train recon_mse=0.4042 val recon_mse=0.4038
Epoch 0320 | lr=2.953e-03 | train FE=-0.2035 val FE=-0.2015 | train recon_mse=0.4027 val recon_mse=0.4071
Epoch 0321 | lr=2.924e-03 | train FE=-0.2036 val FE=-0.2016 | train recon_mse=0.4042 val recon_mse=0.4053
Epoch 0322 | lr=2.896e-03 | train FE=-0.2037 val FE=-0.2017 | train recon_mse=0.4038 val recon_mse=0.4037
Epoch 0323 | lr=2.868e-03 | train FE=-0.2038 val FE=-0.2018 | train recon_mse=0.4029 val recon_mse=0.4039
Epoch 0324 | lr=2.840e-03 | train FE=-0.2039 val FE=-0.2019 | train recon_mse=0.4030 val recon_mse=0.4021
Epoch 0325 | lr=2.812e-03 | train FE=-0.2040 val FE=-0.2020 | train recon_mse=0.4034 val recon_mse=0.4016
Epoch 0326 | lr=2.785e-03 | train FE=-0.2041 val FE=-0.2021 | train recon_mse=0.4012 val recon_mse=0.4082
Epoch 0327 | lr=2.757e-03 | train FE=-0.2042 val FE=-0.2022 | train recon_mse=0.4020 val recon_mse=0.4056
Epoch 0328 | lr=2.729e-03 | train FE=-0.2043 val FE=-0.2023 | train recon_mse=0.4050 val recon_mse=0.4018
Epoch 0329 | lr=2.702e-03 | train FE=-0.2044 val FE=-0.2024 | train recon_mse=0.4010 val recon_mse=0.4029
Epoch 0330 | lr=2.675e-03 | train FE=-0.2045 val FE=-0.2025 | train recon_mse=0.4023 val recon_mse=0.4029
Epoch 0331 | lr=2.647e-03 | train FE=-0.2046 val FE=-0.2026 | train recon_mse=0.4034 val recon_mse=0.4019
Epoch 0332 | lr=2.620e-03 | train FE=-0.2047 val FE=-0.2027 | train recon_mse=0.4019 val recon_mse=0.4019
Epoch 0333 | lr=2.593e-03 | train FE=-0.2048 val FE=-0.2028 | train recon_mse=0.4025 val recon_mse=0.4039
Epoch 0334 | lr=2.566e-03 | train FE=-0.2049 val FE=-0.2029 | train recon_mse=0.4025 val recon_mse=0.4029
Epoch 0335 | lr=2.539e-03 | train FE=-0.2050 val FE=-0.2030 | train recon_mse=0.4030 val recon_mse=0.4005
Epoch 0336 | lr=2.512e-03 | train FE=-0.2051 val FE=-0.2031 | train recon_mse=0.4027 val recon_mse=0.4039
Epoch 0337 | lr=2.486e-03 | train FE=-0.2051 val FE=-0.2032 | train recon_mse=0.4034 val recon_mse=0.4048
Epoch 0338 | lr=2.459e-03 | train FE=-0.2052 val FE=-0.2033 | train recon_mse=0.4021 val recon_mse=0.4050
Epoch 0339 | lr=2.432e-03 | train FE=-0.2053 val FE=-0.2034 | train recon_mse=0.4034 val recon_mse=0.4032
Epoch 0340 | lr=2.406e-03 | train FE=-0.2054 val FE=-0.2034 | train recon_mse=0.4012 val recon_mse=0.4021
Epoch 0341 | lr=2.380e-03 | train FE=-0.2055 val FE=-0.2035 | train recon_mse=0.4018 val recon_mse=0.4025
Epoch 0342 | lr=2.354e-03 | train FE=-0.2055 val FE=-0.2036 | train recon_mse=0.4022 val recon_mse=0.4027
Epoch 0343 | lr=2.328e-03 | train FE=-0.2056 val FE=-0.2037 | train recon_mse=0.4016 val recon_mse=0.4055
Epoch 0344 | lr=2.302e-03 | train FE=-0.2057 val FE=-0.2038 | train recon_mse=0.4028 val recon_mse=0.4033
Epoch 0345 | lr=2.276e-03 | train FE=-0.2058 val FE=-0.2039 | train recon_mse=0.4026 val recon_mse=0.4035
Epoch 0346 | lr=2.250e-03 | train FE=-0.2059 val FE=-0.2039 | train recon_mse=0.4012 val recon_mse=0.4050
Epoch 0347 | lr=2.224e-03 | train FE=-0.2060 val FE=-0.2040 | train recon_mse=0.4017 val recon_mse=0.4049
Epoch 0348 | lr=2.199e-03 | train FE=-0.2061 val FE=-0.2041 | train recon_mse=0.4024 val recon_mse=0.3988
Epoch 0349 | lr=2.173e-03 | train FE=-0.2062 val FE=-0.2042 | train recon_mse=0.4016 val recon_mse=0.4036
Epoch 0350 | lr=2.148e-03 | train FE=-0.2062 val FE=-0.2043 | train recon_mse=0.4023 val recon_mse=0.3980
Epoch 0351 | lr=2.123e-03 | train FE=-0.2063 val FE=-0.2044 | train recon_mse=0.4012 val recon_mse=0.4062
Epoch 0352 | lr=2.098e-03 | train FE=-0.2064 val FE=-0.2045 | train recon_mse=0.4007 val recon_mse=0.4039
Epoch 0353 | lr=2.073e-03 | train FE=-0.2065 val FE=-0.2046 | train recon_mse=0.4018 val recon_mse=0.4067
Epoch 0354 | lr=2.048e-03 | train FE=-0.2066 val FE=-0.2046 | train recon_mse=0.4029 val recon_mse=0.4002
Epoch 0355 | lr=2.023e-03 | train FE=-0.2067 val FE=-0.2047 | train recon_mse=0.4009 val recon_mse=0.4039
Epoch 0356 | lr=1.999e-03 | train FE=-0.2068 val FE=-0.2048 | train recon_mse=0.4007 val recon_mse=0.4076
Epoch 0357 | lr=1.974e-03 | train FE=-0.2068 val FE=-0.2049 | train recon_mse=0.4012 val recon_mse=0.4026
Epoch 0358 | lr=1.950e-03 | train FE=-0.2069 val FE=-0.2050 | train recon_mse=0.4013 val recon_mse=0.4043
Epoch 0359 | lr=1.926e-03 | train FE=-0.2070 val FE=-0.2051 | train recon_mse=0.4020 val recon_mse=0.4032
Epoch 0360 | lr=1.901e-03 | train FE=-0.2071 val FE=-0.2051 | train recon_mse=0.4013 val recon_mse=0.4060
Epoch 0361 | lr=1.877e-03 | train FE=-0.2072 val FE=-0.2052 | train recon_mse=0.4014 val recon_mse=0.4003
Epoch 0362 | lr=1.854e-03 | train FE=-0.2073 val FE=-0.2053 | train recon_mse=0.4009 val recon_mse=0.3986
Epoch 0363 | lr=1.830e-03 | train FE=-0.2073 val FE=-0.2054 | train recon_mse=0.4004 val recon_mse=0.4025
Epoch 0364 | lr=1.806e-03 | train FE=-0.2074 val FE=-0.2055 | train recon_mse=0.4004 val recon_mse=0.4047
Epoch 0365 | lr=1.783e-03 | train FE=-0.2075 val FE=-0.2055 | train recon_mse=0.3998 val recon_mse=0.3980
Epoch 0366 | lr=1.759e-03 | train FE=-0.2075 val FE=-0.2056 | train recon_mse=0.4007 val recon_mse=0.4060
Epoch 0367 | lr=1.736e-03 | train FE=-0.2076 val FE=-0.2057 | train recon_mse=0.4013 val recon_mse=0.4029
Epoch 0368 | lr=1.713e-03 | train FE=-0.2077 val FE=-0.2057 | train recon_mse=0.4021 val recon_mse=0.4058
Epoch 0369 | lr=1.690e-03 | train FE=-0.2078 val FE=-0.2058 | train recon_mse=0.4033 val recon_mse=0.4040
Epoch 0370 | lr=1.667e-03 | train FE=-0.2078 val FE=-0.2059 | train recon_mse=0.4007 val recon_mse=0.4067
Epoch 0371 | lr=1.645e-03 | train FE=-0.2079 val FE=-0.2060 | train recon_mse=0.4008 val recon_mse=0.3986
Epoch 0372 | lr=1.622e-03 | train FE=-0.2080 val FE=-0.2060 | train recon_mse=0.4003 val recon_mse=0.4003
Epoch 0373 | lr=1.600e-03 | train FE=-0.2080 val FE=-0.2061 | train recon_mse=0.3999 val recon_mse=0.4042
Epoch 0374 | lr=1.577e-03 | train FE=-0.2081 val FE=-0.2062 | train recon_mse=0.4016 val recon_mse=0.3998
Epoch 0375 | lr=1.555e-03 | train FE=-0.2082 val FE=-0.2062 | train recon_mse=0.4002 val recon_mse=0.4022
Epoch 0376 | lr=1.533e-03 | train FE=-0.2083 val FE=-0.2063 | train recon_mse=0.3997 val recon_mse=0.4023
Epoch 0377 | lr=1.511e-03 | train FE=-0.2083 val FE=-0.2064 | train recon_mse=0.4006 val recon_mse=0.4042
Epoch 0378 | lr=1.490e-03 | train FE=-0.2084 val FE=-0.2064 | train recon_mse=0.4006 val recon_mse=0.3969
Epoch 0379 | lr=1.468e-03 | train FE=-0.2085 val FE=-0.2065 | train recon_mse=0.4009 val recon_mse=0.4002
Epoch 0380 | lr=1.447e-03 | train FE=-0.2085 val FE=-0.2066 | train recon_mse=0.3990 val recon_mse=0.4034
Epoch 0381 | lr=1.425e-03 | train FE=-0.2086 val FE=-0.2066 | train recon_mse=0.4007 val recon_mse=0.3990
Epoch 0382 | lr=1.404e-03 | train FE=-0.2086 val FE=-0.2067 | train recon_mse=0.4009 val recon_mse=0.4031
Epoch 0383 | lr=1.383e-03 | train FE=-0.2087 val FE=-0.2068 | train recon_mse=0.4017 val recon_mse=0.4036
Epoch 0384 | lr=1.362e-03 | train FE=-0.2088 val FE=-0.2068 | train recon_mse=0.3994 val recon_mse=0.3981
Epoch 0385 | lr=1.342e-03 | train FE=-0.2088 val FE=-0.2069 | train recon_mse=0.3993 val recon_mse=0.4036
Epoch 0386 | lr=1.321e-03 | train FE=-0.2089 val FE=-0.2069 | train recon_mse=0.4003 val recon_mse=0.4035
Epoch 0387 | lr=1.301e-03 | train FE=-0.2089 val FE=-0.2070 | train recon_mse=0.4006 val recon_mse=0.4015
Epoch 0388 | lr=1.280e-03 | train FE=-0.2090 val FE=-0.2070 | train recon_mse=0.4003 val recon_mse=0.3984
Epoch 0389 | lr=1.260e-03 | train FE=-0.2090 val FE=-0.2071 | train recon_mse=0.4007 val recon_mse=0.4038
Epoch 0390 | lr=1.240e-03 | train FE=-0.2090 val FE=-0.2071 | train recon_mse=0.4009 val recon_mse=0.4007
Epoch 0391 | lr=1.221e-03 | train FE=-0.2091 val FE=-0.2071 | train recon_mse=0.4002 val recon_mse=0.3996
Epoch 0392 | lr=1.201e-03 | train FE=-0.2091 val FE=-0.2072 | train recon_mse=0.3997 val recon_mse=0.3992
Epoch 0393 | lr=1.181e-03 | train FE=-0.2092 val FE=-0.2072 | train recon_mse=0.3989 val recon_mse=0.3989
Epoch 0394 | lr=1.162e-03 | train FE=-0.2092 val FE=-0.2073 | train recon_mse=0.4001 val recon_mse=0.3993
Epoch 0395 | lr=1.143e-03 | train FE=-0.2093 val FE=-0.2073 | train recon_mse=0.4005 val recon_mse=0.4042
Epoch 0396 | lr=1.124e-03 | train FE=-0.2093 val FE=-0.2073 | train recon_mse=0.3993 val recon_mse=0.4023
Epoch 0397 | lr=1.105e-03 | train FE=-0.2093 val FE=-0.2074 | train recon_mse=0.4002 val recon_mse=0.4040
Epoch 0398 | lr=1.086e-03 | train FE=-0.2094 val FE=-0.2074 | train recon_mse=0.4001 val recon_mse=0.3994
Epoch 0399 | lr=1.067e-03 | train FE=-0.2094 val FE=-0.2075 | train recon_mse=0.4005 val recon_mse=0.4047
Epoch 0400 | lr=1.049e-03 | train FE=-0.2094 val FE=-0.2075 | train recon_mse=0.3991 val recon_mse=0.3998
Epoch 0401 | lr=1.031e-03 | train FE=-0.2095 val FE=-0.2075 | train recon_mse=0.4004 val recon_mse=0.4044
Epoch 0402 | lr=1.013e-03 | train FE=-0.2095 val FE=-0.2076 | train recon_mse=0.4000 val recon_mse=0.4033
Epoch 0403 | lr=9.947e-04 | train FE=-0.2096 val FE=-0.2076 | train recon_mse=0.4004 val recon_mse=0.3991
Epoch 0404 | lr=9.769e-04 | train FE=-0.2096 val FE=-0.2076 | train recon_mse=0.4002 val recon_mse=0.4014
Epoch 0405 | lr=9.593e-04 | train FE=-0.2096 val FE=-0.2077 | train recon_mse=0.3975 val recon_mse=0.4007
Epoch 0406 | lr=9.418e-04 | train FE=-0.2097 val FE=-0.2077 | train recon_mse=0.4003 val recon_mse=0.3977
Epoch 0407 | lr=9.245e-04 | train FE=-0.2097 val FE=-0.2078 | train recon_mse=0.3992 val recon_mse=0.3997
Epoch 0408 | lr=9.074e-04 | train FE=-0.2097 val FE=-0.2078 | train recon_mse=0.4003 val recon_mse=0.4040
Epoch 0409 | lr=8.904e-04 | train FE=-0.2098 val FE=-0.2078 | train recon_mse=0.4002 val recon_mse=0.4024
Epoch 0410 | lr=8.736e-04 | train FE=-0.2098 val FE=-0.2079 | train recon_mse=0.3992 val recon_mse=0.4022
Epoch 0411 | lr=8.569e-04 | train FE=-0.2099 val FE=-0.2079 | train recon_mse=0.4003 val recon_mse=0.4012
Epoch 0412 | lr=8.405e-04 | train FE=-0.2099 val FE=-0.2079 | train recon_mse=0.4008 val recon_mse=0.4007
Epoch 0413 | lr=8.241e-04 | train FE=-0.2099 val FE=-0.2080 | train recon_mse=0.4002 val recon_mse=0.4039
Epoch 0414 | lr=8.080e-04 | train FE=-0.2100 val FE=-0.2080 | train recon_mse=0.3994 val recon_mse=0.4021
Epoch 0415 | lr=7.920e-04 | train FE=-0.2100 val FE=-0.2081 | train recon_mse=0.4007 val recon_mse=0.3993
Epoch 0416 | lr=7.762e-04 | train FE=-0.2100 val FE=-0.2081 | train recon_mse=0.3991 val recon_mse=0.3995
Epoch 0417 | lr=7.606e-04 | train FE=-0.2101 val FE=-0.2081 | train recon_mse=0.4002 val recon_mse=0.4030
Epoch 0418 | lr=7.451e-04 | train FE=-0.2101 val FE=-0.2082 | train recon_mse=0.3996 val recon_mse=0.3977
Epoch 0419 | lr=7.298e-04 | train FE=-0.2101 val FE=-0.2082 | train recon_mse=0.3998 val recon_mse=0.4007
Epoch 0420 | lr=7.147e-04 | train FE=-0.2102 val FE=-0.2082 | train recon_mse=0.3996 val recon_mse=0.4038
Epoch 0421 | lr=6.997e-04 | train FE=-0.2102 val FE=-0.2082 | train recon_mse=0.3993 val recon_mse=0.4015
Epoch 0422 | lr=6.849e-04 | train FE=-0.2102 val FE=-0.2083 | train recon_mse=0.3993 val recon_mse=0.3977
Epoch 0423 | lr=6.703e-04 | train FE=-0.2102 val FE=-0.2083 | train recon_mse=0.3991 val recon_mse=0.4000
Epoch 0424 | lr=6.559e-04 | train FE=-0.2103 val FE=-0.2083 | train recon_mse=0.3994 val recon_mse=0.3970
Epoch 0425 | lr=6.416e-04 | train FE=-0.2103 val FE=-0.2084 | train recon_mse=0.3981 val recon_mse=0.4019
Epoch 0426 | lr=6.276e-04 | train FE=-0.2103 val FE=-0.2084 | train recon_mse=0.3992 val recon_mse=0.4010
Epoch 0427 | lr=6.136e-04 | train FE=-0.2104 val FE=-0.2084 | train recon_mse=0.3990 val recon_mse=0.4016
Epoch 0428 | lr=5.999e-04 | train FE=-0.2104 val FE=-0.2084 | train recon_mse=0.3989 val recon_mse=0.4011
Epoch 0429 | lr=5.863e-04 | train FE=-0.2104 val FE=-0.2085 | train recon_mse=0.4009 val recon_mse=0.4020
Epoch 0430 | lr=5.730e-04 | train FE=-0.2104 val FE=-0.2085 | train recon_mse=0.3993 val recon_mse=0.4055
Epoch 0431 | lr=5.598e-04 | train FE=-0.2104 val FE=-0.2085 | train recon_mse=0.3978 val recon_mse=0.3993
Epoch 0432 | lr=5.467e-04 | train FE=-0.2105 val FE=-0.2085 | train recon_mse=0.3982 val recon_mse=0.4007
Epoch 0433 | lr=5.339e-04 | train FE=-0.2105 val FE=-0.2085 | train recon_mse=0.4006 val recon_mse=0.3984
Epoch 0434 | lr=5.212e-04 | train FE=-0.2105 val FE=-0.2086 | train recon_mse=0.3978 val recon_mse=0.4023
Epoch 0435 | lr=5.087e-04 | train FE=-0.2105 val FE=-0.2086 | train recon_mse=0.3994 val recon_mse=0.3988
Epoch 0436 | lr=4.964e-04 | train FE=-0.2105 val FE=-0.2086 | train recon_mse=0.3996 val recon_mse=0.4002
Epoch 0437 | lr=4.843e-04 | train FE=-0.2106 val FE=-0.2086 | train recon_mse=0.3994 val recon_mse=0.3978
Epoch 0438 | lr=4.723e-04 | train FE=-0.2106 val FE=-0.2086 | train recon_mse=0.4000 val recon_mse=0.3981
Epoch 0439 | lr=4.606e-04 | train FE=-0.2106 val FE=-0.2087 | train recon_mse=0.3991 val recon_mse=0.4002
Epoch 0440 | lr=4.490e-04 | train FE=-0.2106 val FE=-0.2087 | train recon_mse=0.3991 val recon_mse=0.3982
Epoch 0441 | lr=4.376e-04 | train FE=-0.2106 val FE=-0.2087 | train recon_mse=0.3976 val recon_mse=0.3986
Epoch 0442 | lr=4.264e-04 | train FE=-0.2107 val FE=-0.2087 | train recon_mse=0.3988 val recon_mse=0.4039
Epoch 0443 | lr=4.153e-04 | train FE=-0.2107 val FE=-0.2087 | train recon_mse=0.3988 val recon_mse=0.3995
Epoch 0444 | lr=4.045e-04 | train FE=-0.2107 val FE=-0.2087 | train recon_mse=0.3995 val recon_mse=0.4010
Epoch 0445 | lr=3.938e-04 | train FE=-0.2107 val FE=-0.2088 | train recon_mse=0.3998 val recon_mse=0.4033
Epoch 0446 | lr=3.833e-04 | train FE=-0.2107 val FE=-0.2088 | train recon_mse=0.3988 val recon_mse=0.3996
Epoch 0447 | lr=3.730e-04 | train FE=-0.2107 val FE=-0.2088 | train recon_mse=0.3997 val recon_mse=0.4042
Epoch 0448 | lr=3.629e-04 | train FE=-0.2107 val FE=-0.2088 | train recon_mse=0.3981 val recon_mse=0.4057
Epoch 0449 | lr=3.530e-04 | train FE=-0.2108 val FE=-0.2088 | train recon_mse=0.3998 val recon_mse=0.3983
Epoch 0450 | lr=3.432e-04 | train FE=-0.2108 val FE=-0.2088 | train recon_mse=0.3990 val recon_mse=0.3987
Epoch 0451 | lr=3.337e-04 | train FE=-0.2108 val FE=-0.2088 | train recon_mse=0.3993 val recon_mse=0.3974
Epoch 0452 | lr=3.243e-04 | train FE=-0.2108 val FE=-0.2089 | train recon_mse=0.3990 val recon_mse=0.4019
Epoch 0453 | lr=3.151e-04 | train FE=-0.2108 val FE=-0.2089 | train recon_mse=0.3995 val recon_mse=0.3971
Epoch 0454 | lr=3.061e-04 | train FE=-0.2108 val FE=-0.2089 | train recon_mse=0.3984 val recon_mse=0.3964
Epoch 0455 | lr=2.973e-04 | train FE=-0.2108 val FE=-0.2089 | train recon_mse=0.3991 val recon_mse=0.3976
Epoch 0456 | lr=2.887e-04 | train FE=-0.2108 val FE=-0.2089 | train recon_mse=0.3986 val recon_mse=0.4001
Epoch 0457 | lr=2.803e-04 | train FE=-0.2109 val FE=-0.2089 | train recon_mse=0.3995 val recon_mse=0.3950
Epoch 0458 | lr=2.720e-04 | train FE=-0.2109 val FE=-0.2089 | train recon_mse=0.3988 val recon_mse=0.4014
Epoch 0459 | lr=2.640e-04 | train FE=-0.2109 val FE=-0.2089 | train recon_mse=0.3978 val recon_mse=0.4023
Epoch 0460 | lr=2.561e-04 | train FE=-0.2109 val FE=-0.2089 | train recon_mse=0.3989 val recon_mse=0.4006
Epoch 0461 | lr=2.485e-04 | train FE=-0.2109 val FE=-0.2090 | train recon_mse=0.3992 val recon_mse=0.4025
Epoch 0462 | lr=2.410e-04 | train FE=-0.2109 val FE=-0.2090 | train recon_mse=0.3982 val recon_mse=0.3969
Epoch 0463 | lr=2.337e-04 | train FE=-0.2109 val FE=-0.2090 | train recon_mse=0.3990 val recon_mse=0.3988
Epoch 0464 | lr=2.266e-04 | train FE=-0.2109 val FE=-0.2090 | train recon_mse=0.4000 val recon_mse=0.3990
Epoch 0465 | lr=2.197e-04 | train FE=-0.2109 val FE=-0.2090 | train recon_mse=0.3985 val recon_mse=0.3983
Epoch 0466 | lr=2.130e-04 | train FE=-0.2109 val FE=-0.2090 | train recon_mse=0.4001 val recon_mse=0.3990
Epoch 0467 | lr=2.064e-04 | train FE=-0.2110 val FE=-0.2090 | train recon_mse=0.3999 val recon_mse=0.3975
Epoch 0468 | lr=2.001e-04 | train FE=-0.2110 val FE=-0.2090 | train recon_mse=0.3985 val recon_mse=0.4019
Epoch 0469 | lr=1.940e-04 | train FE=-0.2110 val FE=-0.2090 | train recon_mse=0.3989 val recon_mse=0.4010
Epoch 0470 | lr=1.880e-04 | train FE=-0.2110 val FE=-0.2090 | train recon_mse=0.3987 val recon_mse=0.4004
Epoch 0471 | lr=1.823e-04 | train FE=-0.2110 val FE=-0.2090 | train recon_mse=0.3989 val recon_mse=0.3999
Epoch 0472 | lr=1.767e-04 | train FE=-0.2110 val FE=-0.2091 | train recon_mse=0.3979 val recon_mse=0.4012
Epoch 0473 | lr=1.713e-04 | train FE=-0.2110 val FE=-0.2091 | train recon_mse=0.3986 val recon_mse=0.4038
Epoch 0474 | lr=1.662e-04 | train FE=-0.2110 val FE=-0.2091 | train recon_mse=0.3969 val recon_mse=0.4018
Epoch 0475 | lr=1.612e-04 | train FE=-0.2110 val FE=-0.2091 | train recon_mse=0.3993 val recon_mse=0.3969
Epoch 0476 | lr=1.564e-04 | train FE=-0.2110 val FE=-0.2091 | train recon_mse=0.3995 val recon_mse=0.4004
Epoch 0477 | lr=1.518e-04 | train FE=-0.2110 val FE=-0.2091 | train recon_mse=0.3998 val recon_mse=0.3995
Epoch 0478 | lr=1.474e-04 | train FE=-0.2110 val FE=-0.2091 | train recon_mse=0.3997 val recon_mse=0.3964
Epoch 0479 | lr=1.432e-04 | train FE=-0.2110 val FE=-0.2091 | train recon_mse=0.3988 val recon_mse=0.3982
Epoch 0480 | lr=1.392e-04 | train FE=-0.2111 val FE=-0.2091 | train recon_mse=0.3994 val recon_mse=0.3980
Epoch 0481 | lr=1.354e-04 | train FE=-0.2111 val FE=-0.2091 | train recon_mse=0.3977 val recon_mse=0.3979
Epoch 0482 | lr=1.318e-04 | train FE=-0.2111 val FE=-0.2091 | train recon_mse=0.4006 val recon_mse=0.4001
Epoch 0483 | lr=1.283e-04 | train FE=-0.2111 val FE=-0.2091 | train recon_mse=0.3985 val recon_mse=0.3976
Epoch 0484 | lr=1.251e-04 | train FE=-0.2111 val FE=-0.2091 | train recon_mse=0.3986 val recon_mse=0.4000
Epoch 0485 | lr=1.221e-04 | train FE=-0.2111 val FE=-0.2091 | train recon_mse=0.3987 val recon_mse=0.4027
Epoch 0486 | lr=1.192e-04 | train FE=-0.2111 val FE=-0.2092 | train recon_mse=0.3997 val recon_mse=0.3990
Epoch 0487 | lr=1.166e-04 | train FE=-0.2111 val FE=-0.2092 | train recon_mse=0.3983 val recon_mse=0.4002
Epoch 0488 | lr=1.141e-04 | train FE=-0.2111 val FE=-0.2092 | train recon_mse=0.3985 val recon_mse=0.4000
Epoch 0489 | lr=1.119e-04 | train FE=-0.2111 val FE=-0.2092 | train recon_mse=0.3997 val recon_mse=0.4004
Epoch 0490 | lr=1.098e-04 | train FE=-0.2111 val FE=-0.2092 | train recon_mse=0.3981 val recon_mse=0.4027
Epoch 0491 | lr=1.079e-04 | train FE=-0.2111 val FE=-0.2092 | train recon_mse=0.3989 val recon_mse=0.4007
Epoch 0492 | lr=1.063e-04 | train FE=-0.2111 val FE=-0.2092 | train recon_mse=0.3990 val recon_mse=0.3996
Epoch 0493 | lr=1.048e-04 | train FE=-0.2111 val FE=-0.2092 | train recon_mse=0.3987 val recon_mse=0.4018
Epoch 0494 | lr=1.035e-04 | train FE=-0.2111 val FE=-0.2092 | train recon_mse=0.3993 val recon_mse=0.4010
Epoch 0495 | lr=1.025e-04 | train FE=-0.2111 val FE=-0.2092 | train recon_mse=0.3977 val recon_mse=0.4030
Epoch 0496 | lr=1.016e-04 | train FE=-0.2111 val FE=-0.2092 | train recon_mse=0.3996 val recon_mse=0.4009
Epoch 0497 | lr=1.009e-04 | train FE=-0.2111 val FE=-0.2092 | train recon_mse=0.3988 val recon_mse=0.4020
Epoch 0498 | lr=1.004e-04 | train FE=-0.2112 val FE=-0.2092 | train recon_mse=0.3983 val recon_mse=0.4018
Epoch 0499 | lr=1.001e-04 | train FE=-0.2112 val FE=-0.2092 | train recon_mse=0.3981 val recon_mse=0.3978
Epoch 0500 | lr=1.000e-04 | train FE=-0.2112 val FE=-0.2092 | train recon_mse=0.3989 val recon_mse=0.3998
